


ARM Macro Assembler    Page 1 


    1 00000000                 PRESERVE8
    2 00000000                 THUMB
    3 00000000         
    4 00000000                 include          driver/DriverJeuLaser.inc
    1 00000000         
    2 00000000         ; Bibliotheque DriverJeuLaser (ancienne gassp72 adaptée 
                       2021 - TR)
    3 00000000         ; Accès en aux fonctions suivantes :
    4 00000000         ; GPIO :
    5 00000000         ; GPIOA_Set(char Broche), GPIOB_Set(char Broche), GPIOC_
                       Set(char Broche)
    6 00000000         ; GPIOA_Clear(char Broche), GPIOB_Clear(char Broche), GP
                       IOC_Clear(char Broche)
    7 00000000         
    8 00000000         ; PWM :
    9 00000000         ;/**
   10 00000000         ; * @brief  Fixe une valeur de PWM, Val, en tick horloge
                       . La rapport cyclique effectif
   11 00000000         ; * est donc : rcy = Thaut_ticks / Periode_ticks
   12 00000000         ; * @note   spécifique Jeu Laser, PWM liée exclusivement
                        au TIM3, chan3
   13 00000000         ; * @param  Thaut_ticks : durée de l'état haut d'une imp
                       ulsion en Ticks
   14 00000000         ;  * @retval None
   15 00000000         ; */
   16 00000000         
   17 00000000         ;void PWM_Set_Value_TIM3_Ch3( unsigned short int Thaut_t
                       icks);
   18 00000000                 import           PWM_Set_Value_TIM3_Ch3
   19 00000000         
   20 00000000         
   21 00000000         
   22 00000000         ;/**
   23 00000000         ; * @brief  Mise à 1 d'une broche GPIO 
   24 00000000         ;  * @note   Une fonction par GPIO
   25 00000000         ; * @param  Broche : 0 à 15
   26 00000000         ; * @retval None
   27 00000000         ; */
   28 00000000         
   29 00000000         ;void GPIOA_Set(char Broche);
   30 00000000                 import           GPIOA_Set
   31 00000000         
   32 00000000         ;void GPIOB_Set(char Broche);
   33 00000000                 import           GPIOB_Set
   34 00000000         
   35 00000000         ;void GPIOC_Set(char Broche);
   36 00000000                 import           GPIOC_Set
   37 00000000         
   38 00000000         
   39 00000000         
   40 00000000         ;/**
   41 00000000         ; * @brief  Mise à 0 d'une broche GPIO 
   42 00000000         ;  * @note   Une fonction par GPIO
   43 00000000         ; * @param  Broche : 0 à 15
   44 00000000         ; * @retval None
   45 00000000         ;  */
   46 00000000         
   47 00000000         ;void GPIOA_Clear(char Broche);
   48 00000000                 import           GPIOA_Clear



ARM Macro Assembler    Page 2 


   49 00000000         
   50 00000000         ;void GPIOB_Clear(char Broche);
   51 00000000                 import           GPIOB_Clear
   52 00000000         
   53 00000000         ;void GPIOC_Clear(char Broche);
   54 00000000                 import           GPIOC_Clear
   55 00000000         
   56 00000000                 end
    5 00000000                 export           CallBackSon
    6 00000000                 import           Son
    7 00000000                 import           LongueurSon
    8 00000000                 export           SortieSon
    9 00000000                 export           StartSon
   10 00000000         
   11 00000000         ; ====================== zone de réservation de données,
                         ======================================
   12 00000000         ;Section RAM (read only) :
   13 00000000                 area             mesdata,data,readonly
   14 00000000         
   15 00000000         
   16 00000000         ;Section RAM (read write):
   17 00000000                 area             maram,data,readwrite
   18 00000000 00 00   SortieSon
                               dcw              0
   19 00000002 00 00 00000000 
                       Index   dcd              0
   20 00000008         
   21 00000008         ; ======================================================
                       =========================================
   22 00000008         
   23 00000008         
   24 00000008         
   25 00000008         
   26 00000008         ;Section ROM code (read only) :  
   27 00000008                 area             moncode,code,readonly
   28 00000000         ; écrire le code ici
   29 00000000         
   30 00000000         StartSon
   31 00000000 4813            ldr              r0,=Index
   32 00000002 F04F 0100       mov              r1, #0
   33 00000006 6001            str              r1, [r0]
   34 00000008 4770            bx               lr
   35 0000000A                 endp
   36 0000000A         
   37 0000000A         
   38 0000000A         CallBackSon
                               proc
   39 0000000A B470            push             {r4,r5,r6}
   40 0000000C 4810            ldr              r0,=Index
   41 0000000E 4911            ldr              r1,=SortieSon
   42 00000010 4A11            ldr              r2,=Son
   43 00000012 4B12            ldr              r3,=LongueurSon
   44 00000014 F04F 0702       mov              r7, #2
   45 00000018 6804            ldr              r4,[r0]
   46 0000001A 681B            ldr              r3, [r3]
   47 0000001C FB03 F307       mul              r3, r7
   48 00000020 1B1B            subs             r3,r4
   49 00000022 D013            beq              FinSi
   50 00000024         Si



ARM Macro Assembler    Page 3 


   51 00000024 F932 5014       ldrsh            r5, [r2,r4, LSL#1]
   52 00000028 F240 26CF       mov              r6, #719    ;on multiplie d'abo
                                                            rd par 719 pour evi
                                                            ter tout probleme l
                                                            orsqu'on decalera d
                                                            e 16 bits a droite
   53 0000002C F505 4500       add              r5, #32768  ;on ajoute 32768 po
                                                            ur avoir que des nb
                                                             compris entre 0 et
                                                             65535
   54 00000030 FB05 F506       mul              r5,r6
   55 00000034 EA4F 4525       asr              r5, #16     ;on fait A LA FIN l
                                                            e decalage de 16 bi
                                                            ts (si on la fait a
                                                            vant on va avoir qu
                                                            e des 0)
   56 00000038 800D            strh             r5, [r1]
   57 0000003A         
   58 0000003A B50F            push             {r0,r1,r2,r3, lr}
   59 0000003C 4628            mov              r0,r5
   60 0000003E F7FF FFFE       bl               PWM_Set_Value_TIM3_Ch3
   61 00000042 E8BD 400F       pop              {r0,r1,r2,r3, lr}
   62 00000046         
   63 00000046 F104 0401       add              r4, #1
   64 0000004A 6004            str              r4, [r0]
   65 0000004C         FinSi
   66 0000004C BC70            pop{r4,r5,r6}
   67 0000004E 4770            bx               lr
   68 00000050                 endp
   69 00000050         
   70 00000050         
   71 00000050         
   72 00000050                 END
              00000000 
              00000000 
              00000000 
              00000000 
Command Line: --debug --xref --diag_suppress=9931 --cpu=Cortex-M3 --apcs=interw
ork --depend=.\obj\gestionson.d -o.\obj\gestionson.o -I.\RTE\_CibleSondeKEIL -I
C:\Programdata\Keil\Arm\Packs\ARM\CMSIS\5.7.0\CMSIS\Core\Include -IC:\Programda
ta\Keil\Arm\Packs\Keil\STM32F1xx_DFP\2.3.0\Device\Include --predefine="__EVAL S
ETA 1" --predefine="__MICROLIB SETA 1" --predefine="__UVISION_VERSION SETA 530"
 --predefine="_RTE_ SETA 1" --predefine="STM32F10X_MD SETA 1" --predefine="_RTE
_ SETA 1" --list=gestionson.lst ASM\GestionSon.s



ARM Macro Assembler    Page 1 Alphabetic symbol ordering
Relocatable symbols

mesdata 00000000

Symbol: mesdata
   Definitions
      At line 13 in file ASM\GestionSon.s
   Uses
      None
Comment: mesdata unused
1 symbol



ARM Macro Assembler    Page 1 Alphabetic symbol ordering
Relocatable symbols

Index 00000004

Symbol: Index
   Definitions
      At line 19 in file ASM\GestionSon.s
   Uses
      At line 31 in file ASM\GestionSon.s
      At line 40 in file ASM\GestionSon.s

SortieSon 00000000

Symbol: SortieSon
   Definitions
      At line 18 in file ASM\GestionSon.s
   Uses
      At line 8 in file ASM\GestionSon.s
      At line 41 in file ASM\GestionSon.s

maram 00000000

Symbol: maram
   Definitions
      At line 17 in file ASM\GestionSon.s
   Uses
      None
Comment: maram unused
3 symbols



ARM Macro Assembler    Page 1 Alphabetic symbol ordering
Relocatable symbols

CallBackSon 0000000A

Symbol: CallBackSon
   Definitions
      At line 38 in file ASM\GestionSon.s
   Uses
      At line 5 in file ASM\GestionSon.s
Comment: CallBackSon used once
FinSi 0000004C

Symbol: FinSi
   Definitions
      At line 65 in file ASM\GestionSon.s
   Uses
      At line 49 in file ASM\GestionSon.s
Comment: FinSi used once
Si 00000024

Symbol: Si
   Definitions
      At line 50 in file ASM\GestionSon.s
   Uses
      None
Comment: Si unused
StartSon 00000000

Symbol: StartSon
   Definitions
      At line 30 in file ASM\GestionSon.s
   Uses
      At line 9 in file ASM\GestionSon.s
Comment: StartSon used once
moncode 00000000

Symbol: moncode
   Definitions
      At line 27 in file ASM\GestionSon.s
   Uses
      None
Comment: moncode unused
5 symbols



ARM Macro Assembler    Page 1 Alphabetic symbol ordering
External symbols

GPIOA_Clear 00000000

Symbol: GPIOA_Clear
   Definitions
      At line 48 in file driver\DriverJeuLaser.inc
   Uses
      None
Comment: GPIOA_Clear unused
GPIOA_Set 00000000

Symbol: GPIOA_Set
   Definitions
      At line 30 in file driver\DriverJeuLaser.inc
   Uses
      None
Comment: GPIOA_Set unused
GPIOB_Clear 00000000

Symbol: GPIOB_Clear
   Definitions
      At line 51 in file driver\DriverJeuLaser.inc
   Uses
      None
Comment: GPIOB_Clear unused
GPIOB_Set 00000000

Symbol: GPIOB_Set
   Definitions
      At line 33 in file driver\DriverJeuLaser.inc
   Uses
      None
Comment: GPIOB_Set unused
GPIOC_Clear 00000000

Symbol: GPIOC_Clear
   Definitions
      At line 54 in file driver\DriverJeuLaser.inc
   Uses
      None
Comment: GPIOC_Clear unused
GPIOC_Set 00000000

Symbol: GPIOC_Set
   Definitions
      At line 36 in file driver\DriverJeuLaser.inc
   Uses
      None
Comment: GPIOC_Set unused
LongueurSon 00000000

Symbol: LongueurSon
   Definitions
      At line 7 in file ASM\GestionSon.s
   Uses
      At line 43 in file ASM\GestionSon.s
Comment: LongueurSon used once
PWM_Set_Value_TIM3_Ch3 00000000

Symbol: PWM_Set_Value_TIM3_Ch3



ARM Macro Assembler    Page 2 Alphabetic symbol ordering
External symbols

   Definitions
      At line 18 in file driver\DriverJeuLaser.inc
   Uses
      At line 60 in file ASM\GestionSon.s
Comment: PWM_Set_Value_TIM3_Ch3 used once
Son 00000000

Symbol: Son
   Definitions
      At line 6 in file ASM\GestionSon.s
   Uses
      At line 42 in file ASM\GestionSon.s
Comment: Son used once
9 symbols
355 symbols in table
